1: begin_block incaseTest _ _
2: := 0 _ T_0
3: > a 0 5
4: jump _ _ 8
5: - a 1 T_1
6: := T_1 _ a
7: := 1 _ T_0
8: < a 0 10
9: jump _ _ 13
10: + a 1 T_2
11: := T_2 _ a
12: := 1 _ T_0
13: = T_0 1 2
14: halt _ _ _
15: end_block incaseTest _ _