1: begin_block MAX _ _
2: > x y 4
3: jump _ _ 6
4: RET x _ _
5: jump _ _ 7
6: RET y _ _
7: end_block MAX _ _
8: begin_block max _ _
9: par a CV _
10: par b CV _
11: par T_0 RET _
12: call MAX _ _
13: par c CV _
14: par d CV _
15: par T_1 RET _
16: call MAX _ _
17: par T_0 CV _
18: par T_1 CV _
19: par T_2 RET _
20: call MAX _ _
21: := T_2 _ e
22: halt _ _ _
23: end_block max _ _