1: begin_block switch _ _
2: > D 0 4
3: jump _ _ 6
4: := 1 _ a
5: jump _ _ 11
6: < D 0 8
7: jump _ _ 10
8: := 2 _ a
9: jump _ _ 11
10: := 3 _ a
11: halt _ _ _
12: end_block switch _ _
